{"level":"info","message":"TEST","timestamp":"2016-02-23T17:32:18.275Z"}
{"level":"info","message":"TEST","timestamp":"2016-02-23T17:36:30.383Z"}
